✅ NCF deep learning model loaded!
✅ Genre data loaded: 18 genres, 1207 classified books
✅ Genre index cache built for 18 genres
 * Serving Flask app 'app'
 * Debug mode: on
[31m[1mWARNING: This is a development server. Do not use it in a production deployment. Use a production WSGI server instead.[0m
 * Running on http://127.0.0.1:5001
[33mPress CTRL+C to quit[0m
 * Restarting with stat
 * Debugger is active!
 * Debugger PIN: 231-518-244
127.0.0.1 - - [18/Feb/2026 11:40:22] "POST /mood_recommend HTTP/1.1" 200 -
 * Detected change in '/Users/akshat_tiwari/Documents/brs/book-recommender-system-master/app.py', reloading
✅ NCF deep learning model loaded!
✅ Genre data loaded: 18 genres, 1207 classified books
✅ Genre index cache built for 18 genres
DEBUG: Processing genre 'Romance' with 104 books
DEBUG ERROR in Romance: 'title'
DEBUG: Processing genre 'Travel' with 51 books
DEBUG ERROR in Travel: 'title'
DEBUG: Processing genre 'Cooking' with 21 books
DEBUG ERROR in Cooking: 'title'
 * Restarting with stat
 * Debugger is active!
 * Debugger PIN: 231-518-244
